###############################################################################
#
# IAR ELF Linker V8.40.2.214/W32 for ARM                  12/Feb/2021  11:10:40
# Copyright 2007-2019 IAR Systems AB.
#
#    Output file  =  F:\New Year\Debug\Exe\Happy New Year.out
#    Map file     =  F:\New Year\Debug\List\Happy New Year.map
#    Command line =
#        -f C:\Users\kadyr\AppData\Local\Temp\EW9517.tmp ("F:\New
#        Year\Debug\Obj\main.o" "F:\New Year\Debug\Obj\startupF411RE.o"
#        --no_out_extension -o "F:\New Year\Debug\Exe\Happy New Year.out"
#        --redirect _Printf=_PrintfFullNoMb --redirect _Scanf=_ScanfFullNoMb
#        --map "F:\New Year\Debug\List\Happy New Year.map" --config
#        "D:\Проги для учебы\arm\config\linker\ST\stm32f411xE.icf"
#        --semihosting --entry __iar_program_start --vfe --text_out locale)
#
###############################################################################

*******************************************************************************
*** RUNTIME MODEL ATTRIBUTES
***

CppFlavor                     = *
__CPP_Exceptions              = Disabled
__CPP_Language                = C++14
__Heap_Handler                = DLMalloc
__SystemLibrary               = DLib
__dlib_dynamic_initialization = normal
__dlib_version                = 6


*******************************************************************************
*** HEAP SELECTION
***

The advanced heap was selected because the application calls memory
allocation functions outside of system library functions, and there
are calls to deallocation functions in the application.


*******************************************************************************
*** PLACEMENT SUMMARY
***

"A0":  place at address 0x800'0000 { ro section .intvec };
"P1":  place in [from 0x800'0000 to 0x807'ffff] { ro };
define block CSTACK with size = 8K, alignment = 8 { };
define block HEAP with size = 8K, alignment = 8 { };
"P2":  place in [from 0x2000'0000 to 0x2001'ffff] {
          rw, block CSTACK, block HEAP };
initialize by copy { rw };

  Section                Kind         Address    Size  Object
  -------                ----         -------    ----  ------
"A0":                                           0x198
  .intvec                const     0x800'0000   0x198  startupF411RE.o [1]
                                 - 0x800'0198   0x198

"P1":                                          0x5438
  .text                  ro code   0x800'0198  0x149c  dlmalloc.o [2]
  .text                  ro code   0x800'1634     0x6  abort.o [2]
  .text                  ro code   0x800'163a    0x3a  zero_init3.o [5]
  .text                  ro code   0x800'1674    0x2c  xgetmemchunk.o [2]
  .text                  ro code   0x800'16a0    0x14  exit.o [6]
  .text                  ro code   0x800'16b4    0x7c  iarttio.o [6]
  .text                  ro code   0x800'1730    0x3c  XShttio.o [2]
  .text                  ro code   0x800'176c   0xfaa  xprintffull_nomb.o [2]
  .text                  ro code   0x800'2716    0x2e  copy_init3.o [5]
  .text                  ro code   0x800'2744    0x16  strchr.o [5]
  .text                  ro code   0x800'275a    0x12  startupF411RE.o [1]
  .text                  ro code   0x800'276c    0x40  xfail_s.o [2]
  .text                  ro code   0x800'27ac    0x36  strlen.o [5]
  .text                  ro code   0x800'27e2     0xa  xsprout.o [2]
  .text                  ro code   0x800'27ec    0x58  memchr.o [5]
  .text                  ro code   0x800'2844    0x76  ABImemcpy_unaligned.o [5]
  .text                  ro code   0x800'28ba     0x6  iostream_cout.o [3]
  .text                  ro code   0x800'28c0    0x70  frexp.o [4]
  .text                  ro code   0x800'2930    0x2e  DblCmpLe.o [4]
  .text                  ro code   0x800'295e     0x2  iostream_cout.o [3]
  .text                  ro code   0x800'2960    0x2e  DblCmpGe.o [4]
  .text                  ro code   0x800'298e     0x2  iostream_cout.o [3]
  .text                  ro code   0x800'2990   0x13a  ldexp.o [4]
  .rodata                const     0x800'2aca     0x1  main.o [1]
  .rodata                const     0x800'2acb     0x1  main.o [1]
  .text                  ro code   0x800'2acc    0x3a  DblToS32.o [4]
  .rodata                const     0x800'2b06     0x1  unwind_debug.o [6]
  .text                  ro code   0x800'2b08    0x22  S32ToDbl.o [4]
  .text                  ro code   0x800'2b2c    0xe2  DblSub.o [4]
  .text                  ro code   0x800'2c10   0x246  DblDiv.o [4]
  .text                  ro code   0x800'2e58    0x28  DblToU32.o [4]
  .text                  ro code   0x800'2e80    0x1a  U32ToDbl.o [4]
  .text                  ro code   0x800'2e9c   0x1a2  DblMul.o [4]
  .text                  ro code   0x800'3040   0x230  I64DivMod.o [5]
  .text                  ro code   0x800'3270   0x16a  DblAdd.o [4]
  .text                  ro code   0x800'33dc     0x2  I64DivZer.o [5]
  .text                  ro code   0x800'33de   0x234  main.o [1]
  .text                  ro code   0x800'3612     0x4  main.o [1]
  .text                  ro code   0x800'3616     0x6  main.o [1]
  .text                  ro code   0x800'361c    0x20  main.o [1]
  .text                  ro code   0x800'363c    0x2a  main.o [1]
  .text                  ro code   0x800'3666     0xc  main.o [1]
  .text                  ro code   0x800'3672    0x12  main.o [1]
  .text                  ro code   0x800'3684    0x30  main.o [1]
  .text                  ro code   0x800'36b4     0xa  main.o [1]
  .text                  ro code   0x800'36be     0xc  main.o [1]
  .text                  ro code   0x800'36ca     0xa  main.o [1]
  .text                  ro code   0x800'36d4    0x96  main.o [1]
  .text                  ro code   0x800'376a     0xa  main.o [1]
  .text                  ro code   0x800'3774     0x4  main.o [1]
  .text                  ro code   0x800'3778    0x2e  main.o [1]
  .text                  ro code   0x800'37a6    0x2e  main.o [1]
  .text                  ro code   0x800'37d4     0x8  main.o [1]
  .text                  ro code   0x800'37dc    0x12  main.o [1]
  .text                  ro code   0x800'37f0    0x18  main.o [1]
  .text                  ro code   0x800'3808     0x8  main.o [1]
  .text                  ro code   0x800'3810    0x7a  main.o [1]
  .text                  ro code   0x800'388a    0x3a  main.o [1]
  .text                  ro code   0x800'38c4     0xc  main.o [1]
  .text                  ro code   0x800'38d0    0x18  main.o [1]
  .text                  ro code   0x800'38e8     0xa  cxxabi.o [3]
  .text                  ro code   0x800'38f2     0xc  main.o [1]
  .text                  ro code   0x800'38fe     0xa  main.o [1]
  .text                  ro code   0x800'3908    0x7a  main.o [1]
  .text                  ro code   0x800'3982    0x12  main.o [1]
  .text                  ro code   0x800'3994    0x2a  main.o [1]
  .text                  ro code   0x800'39be    0x28  main.o [1]
  .text                  ro code   0x800'39e6     0xa  main.o [1]
  .text                  ro code   0x800'39f0     0x2  main.o [1]
  .text                  ro code   0x800'39f2    0x2e  main.o [1]
  .text                  ro code   0x800'3a20     0x2  main.o [1]
  .text                  ro code   0x800'3a22     0x8  main.o [1]
  .text                  ro code   0x800'3a2c    0x18  main.o [1]
  .text                  ro code   0x800'3a44     0xa  main.o [1]
  .text                  ro code   0x800'3a4e     0x8  main.o [1]
  .text                  ro code   0x800'3a56     0x8  main.o [1]
  .text                  ro code   0x800'3a5e     0x8  main.o [1]
  .text                  ro code   0x800'3a66     0x8  main.o [1]
  .text                  ro code   0x800'3a6e    0x12  main.o [1]
  .text                  ro code   0x800'3a80     0x8  main.o [1]
  .text                  ro code   0x800'3a88     0x8  main.o [1]
  .text                  ro code   0x800'3a90    0x12  main.o [1]
  .text                  ro code   0x800'3aa2     0x8  main.o [1]
  .text                  ro code   0x800'3aac    0xa0  cppinit.o [2]
  .text                  ro code   0x800'3b4c     0x8  main.o [1]
  .text                  ro code   0x800'3b54    0x12  main.o [1]
  .text                  ro code   0x800'3b66    0x18  main.o [1]
  .text                  ro code   0x800'3b7e    0xd6  main.o [1]
  .text                  ro code   0x800'3c54    0x78  ABImemmove_unaligned.o [5]
  .text                  ro code   0x800'3ccc     0x6  main.o [1]
  .text                  ro code   0x800'3cd2    0x10  main.o [1]
  .text                  ro code   0x800'3ce2    0x32  main.o [1]
  .text                  ro code   0x800'3d14    0x12  main.o [1]
  .text                  ro code   0x800'3d28     0xc  main.o [1]
  .text                  ro code   0x800'3d34    0x1c  main.o [1]
  .text                  ro code   0x800'3d50     0x2  main.o [1]
  .text                  ro code   0x800'3d52     0x8  main.o [1]
  .text                  ro code   0x800'3d5a     0x2  main.o [1]
  .text                  ro code   0x800'3d5c     0xc  main.o [1]
  .text                  ro code   0x800'3d68     0x2  main.o [1]
  .text                  ro code   0x800'3d6c    0x28  main.o [1]
  .text                  ro code   0x800'3d94     0x2  main.o [1]
  .text                  ro code   0x800'3d96     0x8  main.o [1]
  .text                  ro code   0x800'3d9e     0x8  main.o [1]
  .text                  ro code   0x800'3da6     0x8  main.o [1]
  .text                  ro code   0x800'3dae     0x2  main.o [1]
  .text                  ro code   0x800'3db0    0x18  main.o [1]
  .text                  ro code   0x800'3dc8    0x66  ABImemset.o [5]
  .text                  ro code   0x800'3e2e    0x18  main.o [1]
  .text                  ro code   0x800'3e46     0xe  main.o [1]
  .text                  ro code   0x800'3e54     0x4  main.o [1]
  .text                  ro code   0x800'3e58     0x2  main.o [1]
  .text                  ro code   0x800'3e5a     0x8  main.o [1]
  .text                  ro code   0x800'3e62     0xa  main.o [1]
  .text                  ro code   0x800'3e6c     0x2  main.o [1]
  .text                  ro code   0x800'3e6e     0x8  main.o [1]
  .text                  ro code   0x800'3e78    0x70  main.o [1]
  .text                  ro code   0x800'3ee8     0x4  main.o [1]
  .text                  ro code   0x800'3eec     0x2  main.o [1]
  .text                  ro code   0x800'3eee     0x8  main.o [1]
  .text                  ro code   0x800'3ef6     0xe  main.o [1]
  .text                  ro code   0x800'3f04     0x2  main.o [1]
  .text                  ro code   0x800'3f06    0x18  main.o [1]
  .text                  ro code   0x800'3f1e     0x2  main.o [1]
  .text                  ro code   0x800'3f20     0xa  delop_0.o [3]
  .text                  ro code   0x800'3f2a    0x34  main.o [1]
  .text                  ro code   0x800'3f5e    0x1a  main.o [1]
  .text                  ro code   0x800'3f78     0x6  main.o [1]
  .text                  ro code   0x800'3f7e    0x12  main.o [1]
  .text                  ro code   0x800'3f90    0x20  main.o [1]
  .text                  ro code   0x800'3fb0     0x4  heaptramp0.o [2]
  .text                  ro code   0x800'3fb4    0x24  newop_0.o [3]
  .text                  ro code   0x800'3fd8     0x4  main.o [1]
  .text                  ro code   0x800'3fdc     0x4  nomemory.o [3]
  .text                  ro code   0x800'3fe0   0x1b2  main.o [1]
  .text                  ro code   0x800'4192    0x12  main.o [1]
  .text                  ro code   0x800'41a4    0x72  main.o [1]
  .text                  ro code   0x800'4216     0x4  main.o [1]
  .text                  ro code   0x800'421a     0x8  main.o [1]
  .text                  ro code   0x800'4222     0x6  main.o [1]
  .text                  ro code   0x800'4228     0x4  main.o [1]
  .text                  ro code   0x800'422c     0xa  main.o [1]
  .text                  ro code   0x800'4236    0x28  main.o [1]
  .text                  ro code   0x800'425e     0xe  main.o [1]
  .text                  ro code   0x800'426c     0x8  main.o [1]
  .text                  ro code   0x800'4274    0x14  main.o [1]
  .text                  ro code   0x800'4288     0x4  main.o [1]
  .text                  ro code   0x800'428c    0x54  main.o [1]
  .text                  ro code   0x800'42e0     0x4  main.o [1]
  .text                  ro code   0x800'42e4    0x18  main.o [1]
  .text                  ro code   0x800'42fc     0x8  main.o [1]
  .text                  ro code   0x800'4304    0x28  main.o [1]
  .text                  ro code   0x800'432c     0xa  main.o [1]
  .text                  ro code   0x800'4336    0x14  main.o [1]
  .text                  ro code   0x800'434c   0x104  ios.o [3]
  .text                  ro code   0x800'4450     0x8  main.o [1]
  .text                  ro code   0x800'4458    0x54  main.o [1]
  .text                  ro code   0x800'44ac     0x8  main.o [1]
  .text                  ro code   0x800'44b4     0x4  delop4_0.o [3]
  .text                  ro code   0x800'44b8    0x48  main.o [1]
  .text                  ro code   0x800'4500    0x46  main.o [1]
  .text                  ro code   0x800'4548   0x108  main.o [1]
  .text                  ro code   0x800'4650    0x2c  startupF411RE.o [1]
  .text                  ro code   0x800'467c     0x4  main.o [1]
  .text                  ro code   0x800'4680    0x4c  main.o [1]
  .text                  ro code   0x800'46cc    0x10  main.o [1]
  .text                  ro code   0x800'46dc    0x10  main.o [1]
  .text                  ro code   0x800'46ec    0x14  main.o [1]
  .text                  ro code   0x800'4700    0x1c  main.o [1]
  .text                  ro code   0x800'471c    0x10  main.o [1]
  .text                  ro code   0x800'472c    0x10  main.o [1]
  .text                  ro code   0x800'473c    0x10  main.o [1]
  .text                  ro code   0x800'474c    0x14  main.o [1]
  .text                  ro code   0x800'4760    0x10  main.o [1]
  .text                  ro code   0x800'4770    0x14  main.o [1]
  .text                  ro code   0x800'4784    0x14  main.o [1]
  .text                  ro code   0x800'4798    0x14  main.o [1]
  .text                  ro code   0x800'47ac    0x10  main.o [1]
  .text                  ro code   0x800'47bc    0x1c  main.o [1]
  .text                  ro code   0x800'47d8    0x70  main.o [1]
  .text                  ro code   0x800'4848     0x8  startupF411RE.o [1]
  .text                  ro code   0x800'4850     0x8  startupF411RE.o [1]
  .text                  ro code   0x800'4858     0x4  main.o [1]
  .text                  ro code   0x800'485c    0x10  main.o [1]
  .text                  ro code   0x800'486c    0x9a  main.o [1]
  .text                  ro code   0x800'4906     0x6  main.o [1]
  .text                  ro code   0x800'490c     0xa  main.o [1]
  .text                  ro code   0x800'4916     0x2  startupF411RE.o [1]
  .text                  ro code   0x800'4918     0x2  startupF411RE.o [1]
  .text                  ro code   0x800'491a    0x3e  main.o [1]
  .text                  ro code   0x800'4958    0x20  main.o [1]
  .text                  ro code   0x800'4978     0x8  main.o [1]
  .text                  ro code   0x800'4980    0x18  main.o [1]
  .text                  ro code   0x800'4998     0x4  main.o [1]
  .text                  ro code   0x800'499c     0xc  main.o [1]
  .text                  ro code   0x800'49a8     0xc  main.o [1]
  .text                  ro code   0x800'49b4     0xe  main.o [1]
  .text                  ro code   0x800'49c4    0x10  main.o [1]
  .text                  ro code   0x800'49d4    0x10  main.o [1]
  .text                  ro code   0x800'49e4    0x10  startupF411RE.o [1]
  .text                  ro code   0x800'49f4     0xc  main.o [1]
  .text                  ro code   0x800'4a00    0x10  main.o [1]
  .text                  ro code   0x800'4a10     0xe  main.o [1]
  .text                  ro code   0x800'4a20    0x14  main.o [1]
  .text                  ro code   0x800'4a34    0x18  main.o [1]
  .text                  ro code   0x800'4a4c     0x8  main.o [1]
  .text                  ro code   0x800'4a54     0xc  main.o [1]
  .text                  ro code   0x800'4a60    0xa0  main.o [1]
  .text                  ro code   0x800'4b00    0x96  startupF411RE.o [1]
  .text                  ro code   0x800'4b98    0x22  fpinit_M.o [4]
  .text                  ro code   0x800'4bbc    0x1e  cmain.o [5]
  .text                  ro code   0x800'4bdc    0x28  data_init.o [5]
  .text                  ro code   0x800'4c04     0x4  exit.o [2]
  .text                  ro code   0x800'4c08     0xe  cexit.o [5]
  .text                  ro code   0x800'4c18    0x90  iostream_cout.o [3]
  .text                  ro code   0x800'4ca8    0x5c  iostream_cout.o [3]
  .text                  ro code   0x800'4d04    0x7c  main.o [1]
  .text                  ro code   0x800'4d80    0x22  main.o [1]
  .text                  ro code   0x800'4da2    0x6c  main.o [1]
  .text                  ro code   0x800'4e0e    0x76  main.o [1]
  .text                  ro code   0x800'4e84    0x60  iostream_cout.o [3]
  .text                  ro code   0x800'4ee4    0x58  main.o [1]
  .text                  ro code   0x800'4f3c    0x40  sprintf.o [2]
  .text                  ro code   0x800'4f7c    0x52  main.o [1]
  .text                  ro code   0x800'4fce    0x32  main.o [1]
  .rodata                const     0x800'5000    0x44  iostream_cout.o [3]
  .rodata                const     0x800'5044    0x44  iostream_cout.o [3]
  .text                  ro code   0x800'5088    0x38  iostream_cout.o [3]
  .text                  ro code   0x800'50c0    0x20  putchar.o [2]
  .text                  ro code   0x800'50e0    0x10  write.o [6]
  .text                  ro code   0x800'50f0    0x1e  dwrite.o [6]
  .text                  ro code   0x800'510e    0x20  iarwstd.o [6]
  .text                  ro code   0x800'512e    0x22  iarwrite.o [6]
  .rodata                const     0x800'5150    0x30  main.o [1]
  .rodata                const     0x800'5180    0x30  main.o [1]
  .text                  ro code   0x800'51b0    0x30  startupF411RE.o [1]
  .text                  ro code   0x800'51e0    0x24  ABIassert.o [6]
  .text                  ro code   0x800'5204    0x10  startupF411RE.o [1]
  .text                  ro code   0x800'5214    0x30  startupF411RE.o [1]
  .text                  ro code   0x800'5244    0x10  startupF411RE.o [1]
  .text                  ro code   0x800'5254    0x2e  main.o [1]
  .text                  ro code   0x800'5282    0x12  main.o [1]
  .text                  ro code   0x800'5294     0x6  main.o [1]
  .rodata                const     0x800'529c    0x28  iostream_cout.o [3]
  .rodata                const     0x800'52c4    0x24  main.o [1]
  .rodata                const     0x800'52e8    0x24  main.o [1]
  .rodata                const     0x800'530c    0x24  startupF411RE.o [1]
  .rodata                const     0x800'5330    0x24  startupF411RE.o [1]
  .text                  ro code   0x800'5354    0x24  main.o [1]
  .text                  ro code   0x800'5378    0x18  main.o [1]
  .iar.init_table        const     0x800'5390    0x28  - Linker created -
  .text                  ro code   0x800'53b8    0x20  startupF411RE.o [1]
  .text                  ro code   0x800'53d8     0x6  startupF411RE.o [1]
  .text                  ro code   0x800'53de    0x10  startupF411RE.o [1]
  .text                  ro code   0x800'53f0    0x20  cmain_call_ctors.o [5]
  .rodata                const     0x800'5410    0x1c  startupF411RE.o [1]
  .text                  ro code   0x800'542c    0x18  main.o [1]
  .text                  ro code   0x800'5444    0x18  main.o [1]
  .text                  ro code   0x800'545c     0x4  delaop_0.o [3]
  .text                  ro code   0x800'5460    0x18  startupF411RE.o [1]
  .text                  ro code   0x800'5478    0x14  startupF411RE.o [1]
  .text                  ro code   0x800'548c    0x14  iostream_cout.o [3]
  .rodata                const     0x800'54a0    0x10  main.o [1]
  .rodata                const     0x800'54b0    0x10  main.o [1]
  .rodata                const     0x800'54c0    0x10  startupF411RE.o [1]
  .rodata                const     0x800'54d0    0x10  startupF411RE.o [1]
  .rodata                const     0x800'54e0    0x10  ios.o [3]
  .rodata                const     0x800'54f0    0x10  iostream_cout.o [3]
  SHT$$PREINIT_ARRAY               0x800'5500     0x4  <Block>
    .preinit_array       const     0x800'5500     0x4  iostream_cout.o [3]
  SHT$$INIT_ARRAY                  0x800'5504     0xc  <Block>
    .init_array          const     0x800'5504     0x4  main.o [1]
    .init_array          const     0x800'5508     0x4  startupF411RE.o [1]
    .init_array          const     0x800'550c     0x4  ios.o [3]
  __iar_tls$$INIT_ARRAY            0x800'5510     0x0  <Block>
  Initializer bytes      const     0x800'5510    0x10  <for P2-1>
  .text                  ro code   0x800'5520     0xe  main.o [1]
  .text                  ro code   0x800'552e     0x8  main.o [1]
  .text                  ro code   0x800'5536     0xe  iostream_cout.o [3]
  .rodata                const     0x800'5544     0xc  main.o [1]
  .rodata                const     0x800'5550     0xc  startupF411RE.o [1]
  .rodata                const     0x800'555c     0xc  startupF411RE.o [1]
  .text                  ro code   0x800'5568     0xc  startupF411RE.o [1]
  .text                  ro code   0x800'5574     0xc  startupF411RE.o [1]
  .text                  ro code   0x800'5580     0xa  main.o [1]
  .rodata                const     0x800'558c     0x8  main.o [1]
  .rodata                const     0x800'5594     0x8  main.o [1]
  .rodata                const     0x800'559c     0x8  main.o [1]
  .rodata                const     0x800'55a4     0x8  xprintffull_nomb.o [2]
  .text                  ro code   0x800'55ac     0x8  startupF411RE.o [1]
  .text                  ro code   0x800'55b4     0x8  startupF411RE.o [1]
  .text                  ro code   0x800'55bc     0x6  startupF411RE.o [1]
  .rodata                const     0x800'55c4     0x4  main.o [1]
  .text                  ro code   0x800'55c8     0x4  main.o [1]
  .text                  ro code   0x800'55cc     0x4  iostream_cout.o [3]
  .text                  ro code   0x800'55d0     0x0  cstart_call_dtors.o [5]
  .rodata                const     0x800'55d0     0x0  zero_init3.o [5]
  .rodata                const     0x800'55d0     0x0  copy_init3.o [5]
                                 - 0x800'55d0  0x5438

"P2", part 1 of 3:                               0x10
  P2-1                            0x2000'0000    0x10  <Init block>
    .data                inited   0x2000'0000     0x4  startupF411RE.o [1]
    .data                inited   0x2000'0004     0x4  startupF411RE.o [1]
    .data                inited   0x2000'0008     0x8  XShttio.o [2]
                                - 0x2000'0010    0x10

"P2", part 2 of 3:                              0x358
  .bss                   zero     0x2000'0010   0x1d8  dlmalloc.o [2]
  .bss                   zero     0x2000'01e8    0x70  iostream_cout.o [3]
  .bss                   zero     0x2000'0258    0x34  ios.o [3]
  .bss                   zero     0x2000'028c    0x24  main.o [1]
  .bss                   zero     0x2000'02b0    0x18  dlmalloc.o [2]
  .bss                   zero     0x2000'02c8    0x14  main.o [1]
  .bss                   zero     0x2000'02dc    0x10  main.o [1]
  .bss                   zero     0x2000'02ec    0x10  startupF411RE.o [1]
  .bss                   zero     0x2000'02fc    0x10  startupF411RE.o [1]
  .bss                   zero     0x2000'030c    0x10  startupF411RE.o [1]
  .bss                   zero     0x2000'031c    0x10  startupF411RE.o [1]
  .bss                   zero     0x2000'032c     0x4  main.o [1]
  .bss                   zero     0x2000'0330    0x10  ios.o [3]
  .bss                   zero     0x2000'0340     0x4  main.o [1]
  .bss                   zero     0x2000'0344     0x4  startupF411RE.o [1]
  .bss                   zero     0x2000'0348     0x4  cppinit.o [2]
  .bss                   zero     0x2000'034c     0x4  cppinit.o [2]
  .bss                   zero     0x2000'0350     0x4  new.o [3]
  .bss                   zero     0x2000'0354     0x4  xfail_s.o [2]
  .bss                   zero     0x2000'0358     0x4  xgetmemchunk.o [2]
  .bss                   zero     0x2000'035c     0x1  main.o [1]
  .bss                   zero     0x2000'035d     0x1  main.o [1]
  .bss                   zero     0x2000'035e     0x1  main.o [1]
  .bss                   zero     0x2000'035f     0x1  main.o [1]
  .bss                   zero     0x2000'0360     0x1  startupF411RE.o [1]
  .bss                   zero     0x2000'0361     0x1  startupF411RE.o [1]
  .bss                   zero     0x2000'0362     0x1  startupF411RE.o [1]
  .bss                   zero     0x2000'0363     0x1  startupF411RE.o [1]
  .bss                   zero     0x2000'0364     0x1  startupF411RE.o [1]
  .bss                   zero     0x2000'0365     0x1  XShttio.o [2]
                                - 0x2000'0366   0x356

"P2", part 3 of 3:                             0x41a8
  .iar.dynexit                    0x2000'0368   0x1a4  <Block>
    .iar.dynexit         uninit   0x2000'0368     0xc  cppinit.o [2]
    .iar.dynexit         uninit   0x2000'0374   0x198  <Block tail>
  CSTACK                          0x2000'0510  0x2000  <Block>
    CSTACK               uninit   0x2000'0510  0x2000  <Block tail>
  HEAP                            0x2000'2510  0x2000  <Block>
    HEAP                 uninit   0x2000'2510  0x2000  <Block tail>
                                - 0x2000'4510  0x41a8

Unused ranges:

         From           To      Size
         ----           --      ----
   0x800'55d0   0x807'ffff  0x7'aa30
  0x2000'4510  0x2001'ffff  0x1'baf0


*******************************************************************************
*** INIT TABLE
***

          Address      Size
          -------      ----
Zero (__iar_zero_init3)
    1 destination range, total size 0x356:
          0x2000'0010  0x356

Copy (__iar_copy_init3)
    1 source range, total size 0x10:
           0x800'5510   0x10
    1 destination range, total size 0x10:
          0x2000'0000   0x10

Extra (__iar_cstart_call_ctors)



*******************************************************************************
*** MODULE SUMMARY
***

    Module                  ro code  ro data  rw data
    ------                  -------  -------  -------
command line/config:
    -------------------------------------------------
    Total:

F:\New Year\Debug\Obj: [1]
    main.o                    5'930      246       84
    startupF411RE.o             520      576       81
    -------------------------------------------------
    Total:                    6'450      822      165

dl7M_tln.a: [2]
    XShttio.o                    60        8        9
    abort.o                       6
    cppinit.o                   160                20
    dlmalloc.o                5'276               496
    exit.o                        4
    heaptramp0.o                  4
    putchar.o                    32
    sprintf.o                    64
    xfail_s.o                    64                 4
    xgetmemchunk.o               44                 4
    xprintffull_nomb.o        4'010        8
    xsprout.o                    10
    -------------------------------------------------
    Total:                    9'734       16      533

dlpp7M_tl_nc.a: [3]
    cxxabi.o                     10
    delaop_0.o                    4
    delop4_0.o                    4
    delop_0.o                    10
    ios.o                       260       20       68
    iostream_cout.o             436      196      112
    new.o                                           4
    newop_0.o                    36
    nomemory.o                    4
    -------------------------------------------------
    Total:                      764      216      184

m7M_tls.a: [4]
    DblAdd.o                    362
    DblCmpGe.o                   46
    DblCmpLe.o                   46
    DblDiv.o                    582
    DblMul.o                    418
    DblSub.o                    226
    DblToS32.o                   58
    DblToU32.o                   40
    S32ToDbl.o                   34
    U32ToDbl.o                   26
    fpinit_M.o                   34
    frexp.o                     112
    ldexp.o                     314
    -------------------------------------------------
    Total:                    2'298

rt7M_tl.a: [5]
    ABImemcpy_unaligned.o       118
    ABImemmove_unaligned.o      120
    ABImemset.o                 102
    I64DivMod.o                 560
    I64DivZer.o                   2
    cexit.o                      14
    cmain.o                      30
    cmain_call_ctors.o           32
    copy_init3.o                 46
    cstart_call_dtors.o
    data_init.o                  40
    memchr.o                     88
    strchr.o                     22
    strlen.o                     54
    zero_init3.o                 58
    -------------------------------------------------
    Total:                    1'286

shb_l.a: [6]
    ABIassert.o                  36
    dwrite.o                     30
    exit.o                       20
    iarttio.o                   124
    iarwrite.o                   34
    iarwstd.o                    32
    unwind_debug.o                         1
    write.o                      16
    -------------------------------------------------
    Total:                      292        1

    Gaps                         43        6
    Linker created                        40   16'792
-----------------------------------------------------
    Grand Total:             20'867    1'101   17'674


*******************************************************************************
*** ENTRY LIST
***

Entry                       Address   Size  Type      Object
-----                       -------   ----  ----      ------
.iar.dynexit$$Base      0x2000'0368          --   Gb  - Linker created -
.iar.dynexit$$Limit     0x2000'050c          --   Gb  - Linker created -
.iar.init_table$$Base    0x800'5390          --   Gb  - Linker created -
.iar.init_table$$Limit   0x800'53b8          --   Gb  - Linker created -
?main                    0x800'4bbd         Code  Gb  cmain.o [5]
Button::Button(IPinGet &)
                         0x800'467d    0x4  Code  Gb  main.o [1]
Button::IsPressed()      0x800'47bd   0x1c  Code  Gb  main.o [1]
CSTACK$$Base            0x2000'0510          --   Gb  - Linker created -
CSTACK$$Limit           0x2000'2510          --   Gb  - Linker created -
DtorRecArray            0x2000'0368    0xc  Data  Lc  cppinit.o [2]
DummyModule::handler()   0x800'4b85    0x2  Code  Gb  startupF411RE.o [1]
Garlands::Garlands(Button &)
                         0x800'4681   0x4c  Code  Gb  main.o [1]
Garlands::HandleInterrupt()
                         0x800'53b9   0x20  Code  Gb  startupF411RE.o [1]
Garlands::Start()        0x800'485d   0x10  Code  Gb  main.o [1]
Garlands::Update()       0x800'47d9   0x70  Code  Gb  main.o [1]
Garlands::Update()::string
                         0x800'5544    0xc  Data  Gb  main.o [1]
Garlands::Update()::string (instance 2)
                         0x800'558c    0x8  Data  Gb  main.o [1]
HEAP$$Base              0x2000'2510          --   Gb  - Linker created -
HEAP$$Limit             0x2000'4510          --   Gb  - Linker created -
IPinGet::IPinGet()       0x800'4919    0x2  Code  Gb  startupF411RE.o [1]
IPinGet::IPinGet() [subobject]
                         0x800'4851    0x8  Code  Gb  startupF411RE.o [1]
IPinToggle::IPinToggle()
                         0x800'4917    0x2  Code  Gb  startupF411RE.o [1]
IPinToggle::IPinToggle() [subobject]
                         0x800'4849    0x8  Code  Gb  startupF411RE.o [1]
Initialization guard variable for Led1Pin
                        0x2000'0360    0x1  Data  Gb  startupF411RE.o [1]
Initialization guard variable for Led2Pin
                        0x2000'0361    0x1  Data  Gb  startupF411RE.o [1]
Initialization guard variable for Led3Pin
                        0x2000'0362    0x1  Data  Gb  startupF411RE.o [1]
Initialization guard variable for Led4Pin
                        0x2000'0363    0x1  Data  Gb  startupF411RE.o [1]
Initialization guard variable for std::ctype<char> const & std::use_facet<std::ctype<char>>()::_MyFacet
                        0x2000'0364    0x1  Data  Gb  startupF411RE.o [1]
Initialization guard variable for std::num_put<char, std::ostreambuf_iterator<char, std::char_traits<char>>> const & std::use_facet<std::num_put<char, std::ostreambuf_iterator<char, std::char_traits<char>>>>()::_MyFacet
                        0x2000'035c    0x1  Data  Gb  main.o [1]
Initialization guard variable for std::numpunct<char> const & std::use_facet<std::numpunct<char>>()::_MyFacet
                        0x2000'035d    0x1  Data  Gb  main.o [1]
Led1Pin                 0x2000'02ec   0x10  Data  Gb  startupF411RE.o [1]
Led2Pin                 0x2000'02fc   0x10  Data  Gb  startupF411RE.o [1]
Led3Pin                 0x2000'030c   0x10  Data  Gb  startupF411RE.o [1]
Led4Pin                 0x2000'031c   0x10  Data  Gb  startupF411RE.o [1]
Led::Led(IPinToggle &)   0x800'4859    0x4  Code  Gb  main.o [1]
Led::Toggle()            0x800'53df   0x10  Code  Gb  startupF411RE.o [1]
Pin::IsSet()             0x800'5461   0x18  Code  Gb  startupF411RE.o [1]
Pin::Pin(unsigned char, IPort &)
                         0x800'4651   0x2c  Code  Gb  startupF411RE.o [1]
Pin::Toggle()            0x800'275b   0x12  Code  Gb  startupF411RE.o [1]
Port<GPIOA>::Get()       0x800'55b5    0x8  Code  Gb  startupF411RE.o [1]
Port<GPIOA>::Toggle(unsigned char)
                         0x800'5215   0x30  Code  Gb  startupF411RE.o [1]
Port<GPIOA>::Toggle(unsigned char)::string
                         0x800'555c    0xc  Data  Gb  startupF411RE.o [1]
Port<GPIOA>::Toggle(unsigned char)::string (instance 2)
                         0x800'5330   0x24  Data  Gb  startupF411RE.o [1]
Port<GPIOC>::Get()       0x800'55ad    0x8  Code  Gb  startupF411RE.o [1]
Port<GPIOC>::Toggle(unsigned char)
                         0x800'51b1   0x30  Code  Gb  startupF411RE.o [1]
Port<GPIOC>::Toggle(unsigned char)::string
                         0x800'5550    0xc  Data  Gb  startupF411RE.o [1]
Port<GPIOC>::Toggle(unsigned char)::string (instance 2)
                         0x800'530c   0x24  Data  Gb  startupF411RE.o [1]
PortA                   0x2000'0004    0x4  Data  Gb  startupF411RE.o [1]
PortC                   0x2000'0000    0x4  Data  Gb  startupF411RE.o [1]
Region$$Table$$Base      0x800'5390          --   Gb  - Linker created -
Region$$Table$$Limit     0x800'53b8          --   Gb  - Linker created -
SHT$$INIT_ARRAY$$Base    0x800'5504          --   Gb  - Linker created -
SHT$$INIT_ARRAY$$Limit   0x800'5510          --   Gb  - Linker created -
SHT$$PREINIT_ARRAY$$Base
                         0x800'5500          --   Gb  - Linker created -
SHT$$PREINIT_ARRAY$$Limit
                         0x800'5504          --   Gb  - Linker created -
TIM2int::handler()       0x800'5479   0x14  Code  Gb  startupF411RE.o [1]
Thunk for (offset -4) Pin::IsSet()
                         0x800'55bd    0x6  Code  Gb  startupF411RE.o [1]
Timer::ChangePeriod(unsigned int)
                         0x800'490d    0xa  Code  Gb  main.o [1]
Timer::Start(unsigned int)
                         0x800'491b   0x3e  Code  Gb  main.o [1]
Tree::Update()           0x800'47ad   0x10  Code  Gb  main.o [1]
Virtual function table for Pin
                         0x800'5410   0x1c  Data  Gb  startupF411RE.o [1]
Virtual function table for Port<GPIOA>
                         0x800'54d0   0x10  Data  Gb  startupF411RE.o [1]
Virtual function table for Port<GPIOC>
                         0x800'54c0   0x10  Data  Gb  startupF411RE.o [1]
Virtual function table for std::_Wrap_facet<std::ctype<char>>
                         0x800'54b0   0x10  Data  Gb  main.o [1]
Virtual function table for std::_Wrap_facet<std::num_put<char, std::ostreambuf_iterator<char, std::char_traits<char>>>>
                         0x800'5180   0x30  Data  Gb  main.o [1]
Virtual function table for std::_Wrap_facet<std::numpunct<char>>
                         0x800'52e8   0x24  Data  Gb  main.o [1]
Virtual function table for std::__nobasic_filebuf<char, std::char_traits<char>>
                         0x800'5044   0x44  Data  Gb  iostream_cout.o [3]
Virtual function table for std::ctype<char>
                         0x800'54a0   0x10  Data  Gb  main.o [1]
Virtual function table for std::ios
                         0x800'54f0   0x10  Data  Gb  iostream_cout.o [3]
Virtual function table for std::ios_base
                         0x800'54e0   0x10  Data  Gb  ios.o [3]
Virtual function table for std::num_put<char, std::ostreambuf_iterator<char, std::char_traits<char>>>
                         0x800'5150   0x30  Data  Gb  main.o [1]
Virtual function table for std::numpunct<char>
                         0x800'52c4   0x24  Data  Gb  main.o [1]
Virtual function table for std::ostream
                         0x800'529c   0x28  Data  Gb  iostream_cout.o [3]
Virtual function table for std::streambuf
                         0x800'5000   0x44  Data  Gb  iostream_cout.o [3]
[local to ios_cpp]::std::stdopens
                        0x2000'0258    0xc  Data  Lc  ios.o [3]
[local to ios_cpp]::std::stdstr
                        0x2000'0264   0x28  Data  Lc  ios.o [3]
[local to iostream_cout_cpp]::std::__iarcoutguard
                        0x2000'0214    0x1  Data  Lc  iostream_cout.o [3]
[local to iostream_cout_cpp]::std::fout
                        0x2000'0218   0x40  Data  Lc  iostream_cout.o [3]
_LitobFullNoMb           0x800'2511  0x10a  Code  Lc  xprintffull_nomb.o [2]
_PrintfFullNoMb          0x800'176d  0xd80  Code  Gb  xprintffull_nomb.o [2]
_PutcharFullNoMb         0x800'2681   0x20  Code  Lc  xprintffull_nomb.o [2]
_PutcharsFullNoMb        0x800'26a1   0x2e  Code  Lc  xprintffull_nomb.o [2]
_SProut                  0x800'27e3    0xa  Code  Gb  xsprout.o [2]
__aeabi_assert           0x800'51e1   0x24  Code  Gb  ABIassert.o [6]
__aeabi_atexit           0x800'38e9    0xa  Code  Gb  cxxabi.o [3]
__aeabi_cdcmple          0x800'2931         Code  Gb  DblCmpLe.o [4]
__aeabi_cdrcmple         0x800'2961         Code  Gb  DblCmpGe.o [4]
__aeabi_d2iz             0x800'2acd         Code  Gb  DblToS32.o [4]
__aeabi_d2uiz            0x800'2e59         Code  Gb  DblToU32.o [4]
__aeabi_ddiv             0x800'2c11         Code  Gb  DblDiv.o [4]
__aeabi_dmul             0x800'2e9d         Code  Gb  DblMul.o [4]
__aeabi_dsub             0x800'2b2d         Code  Gb  DblSub.o [4]
__aeabi_i2d              0x800'2b09         Code  Gb  S32ToDbl.o [4]
__aeabi_ldiv0            0x800'33dd         Code  Gb  I64DivZer.o [5]
__aeabi_memset           0x800'3dc9         Code  Gb  ABImemset.o [5]
__aeabi_ui2d             0x800'2e81         Code  Gb  U32ToDbl.o [4]
__aeabi_uldivmod         0x800'3041         Code  Gb  I64DivMod.o [5]
__call_ctors             0x800'3aad   0x18  Code  Gb  cppinit.o [2]
__call_dtors             0x800'3afb    0xc  Code  Gb  cppinit.o [2]
__call_dtors0            0x800'3b07   0x36  Code  Gb  cppinit.o [2]
__cexit_call_dtors       0x800'4c0b         Code  Gb  cexit.o [5]
__cmain                  0x800'4bbd         Code  Gb  cmain.o [5]
__cstart_call_dtors      0x800'55d0         Data  Gb  cstart_call_dtors.o [5]
__cxa_atexit             0x800'3ac5   0x36  Code  Gb  cppinit.o [2]
__data_GetMemChunk       0x800'1675   0x2c  Code  Gb  xgetmemchunk.o [2]
__data_GetMemChunk::start
                        0x2000'0358    0x4  Data  Lc  xgetmemchunk.o [2]
__dso_handle            0x2000'034c    0x4  Data  Gb  cppinit.o [2]
__dwrite                 0x800'50f1   0x1e  Code  Gb  dwrite.o [6]
__exit                   0x800'16a1   0x14  Code  Gb  exit.o [6]
__iar_Fail_s             0x800'276d   0x1c  Code  Gb  xfail_s.o [2]
__iar_Memchr             0x800'27ed         Code  Gb  memchr.o [5]
__iar_Memset             0x800'3dc9         Code  Gb  ABImemset.o [5]
__iar_Memset_word        0x800'3dd1         Code  Gb  ABImemset.o [5]
__iar_Strchr             0x800'2745         Code  Gb  strchr.o [5]
__iar_close_ttio         0x800'16b5   0x2c  Code  Gb  iarttio.o [6]
__iar_copy_init3         0x800'2717   0x2e  Code  Gb  copy_init3.o [5]
__iar_cstart_call_ctors
                         0x800'53f1   0x20  Code  Gb  cmain_call_ctors.o [5]
__iar_dadd               0x800'2b3d         Code  Gb  DblSub.o [4]
__iar_data_init3         0x800'4bdd   0x28  Code  Gb  data_init.o [5]
__iar_debug_exceptions   0x800'2b06    0x1  Data  Gb  unwind_debug.o [6]
__iar_dlfree             0x800'110f  0x51e  Code  Gb  dlmalloc.o [2]
__iar_dlmalloc           0x800'0221  0xeee  Code  Gb  dlmalloc.o [2]
__iar_dsub               0x800'3271         Code  Gb  DblAdd.o [4]
__iar_dsubStart          0x800'3283         Code  Gb  DblAdd.o [4]
__iar_frexp              0x800'28cd         Code  Gb  frexp.o [4]
__iar_frexpl             0x800'28cd         Code  Gb  frexp.o [4]
__iar_get_ttio           0x800'16e1   0x4c  Code  Gb  iarttio.o [6]
__iar_init_vfp           0x800'4b99         Code  Gb  fpinit_M.o [4]
__iar_ldexp64            0x800'2991         Code  Gb  ldexp.o [4]
__iar_lookup_ttioh       0x800'175f    0x4  Code  Gb  XShttio.o [2]
__iar_program_start      0x800'4b87   0x10  Code  Gb  startupF411RE.o [1]
__iar_scalbln64          0x800'2991         Code  Gb  ldexp.o [4]
__iar_scalbn64           0x800'2991         Code  Gb  ldexp.o [4]
__iar_sh_stdout          0x800'510f   0x20  Code  Gb  iarwstd.o [6]
__iar_sh_write           0x800'512f   0x22  Code  Gb  iarwrite.o [6]
__iar_softfp___iar_frexp64
                         0x800'28c1         Code  Gb  frexp.o [4]
__iar_softfp_frexp       0x800'28c1         Code  Gb  frexp.o [4]
__iar_softfp_frexpl      0x800'28c1         Code  Gb  frexp.o [4]
__iar_tls$$INIT_ARRAY$$Base
                         0x800'5510          --   Gb  - Linker created -
__iar_tls$$INIT_ARRAY$$Limit
                         0x800'5510          --   Gb  - Linker created -
__iar_ttio_guard_lock    0x800'1731   0x1e  Code  Gb  XShttio.o [2]
__iar_ttio_guard_unlock
                         0x800'174f   0x10  Code  Gb  XShttio.o [2]
__iar_ttio_handles      0x2000'0008    0x8  Data  Lc  XShttio.o [2]
__iar_unaligned_memcpy   0x800'2845         Code  Gb  ABImemcpy_unaligned.o [5]
__iar_unaligned_memcpy4
                         0x800'2865         Code  Gb  ABImemcpy_unaligned.o [5]
__iar_unaligned_memcpy8
                         0x800'2865         Code  Gb  ABImemcpy_unaligned.o [5]
__iar_unaligned_memmove
                         0x800'3c55         Code  Gb  ABImemmove_unaligned.o [5]
__iar_unaligned_memmove4
                         0x800'3c55         Code  Gb  ABImemmove_unaligned.o [5]
__iar_unaligned_memmove8
                         0x800'3c55         Code  Gb  ABImemmove_unaligned.o [5]
__iar_zero_init3         0x800'163b   0x3a  Code  Gb  zero_init3.o [5]
__low_level_init         0x800'45c1   0x3e  Code  Gb  main.o [1]
__sti__routine           0x800'4549   0x78  Code  Lc  main.o [1]
__sti__routine           0x800'4b01   0x5c  Code  Lc  startupF411RE.o [1]
__sti__routine           0x800'434f    0xa  Code  Lc  ios.o [3]
__sti__routine           0x800'4c19   0x90  Code  Lc  iostream_cout.o [3]
__vector_table           0x800'0000  0x198  Data  Gb  startupF411RE.o [1]
__write                  0x800'50e1   0x10  Code  Gb  write.o [6]
_call_main               0x800'4bc9         Code  Gb  cmain.o [5]
_exit                    0x800'4c09         Code  Gb  cexit.o [5]
_gm_                    0x2000'0010  0x1d8  Data  Lc  dlmalloc.o [2]
_main                    0x800'4bd7         Code  Gb  cmain.o [5]
abort                    0x800'1635    0x6  Code  Gb  abort.o [2]
bool FieldValueBase<RCC_CFGR_SWS_Values<RCC::CFGR, (unsigned int)2, (unsigned int)2, ReadMode, RCC::RCCCFGRBase>, RCC::RCCCFGRBase, (unsigned int)1>::IsSet<ReadMode, void>()
                         0x800'4701   0x1c  Code  Gb  main.o [1]
bool FieldValueBase<RCC_CR_HSERDY_Values<RCC::CR, (unsigned int)17, (unsigned int)1, ReadMode, RCC::RCCCRBase>, RCC::RCCCRBase, (unsigned int)1>::IsSet<ReadMode, void>()
                         0x800'46dd   0x10  Code  Gb  main.o [1]
bool FieldValueBase<TIM2_SR_UIF_Values<TIM2::SR, (unsigned int)0, (unsigned int)1, ReadWriteMode, TIM2::TIM2SRBase>, TIM2::TIM2SRBase, (unsigned int)0>::IsSet<ReadWriteMode, void>()
                         0x800'4a21   0x14  Code  Gb  main.o [1]
button                  0x2000'0340    0x4  Data  Gb  main.o [1]
buttonPin               0x2000'02dc   0x10  Data  Gb  main.o [1]
char * && std::forward<char *>(std::remove_reference<char *>::type &)
                         0x800'3f05    0x2  Code  Gb  main.o [1]
char * std::_Addressof<char>(char &, std::integral_constant<bool, (bool)0>)
                         0x800'3d5b    0x2  Code  Gb  main.o [1]
char * std::_Allocate<char>(unsigned int, char *, bool)
                         0x800'3f7f   0x12  Code  Gb  main.o [1]
char * std::_Maklocstr<char>(char const *, char *)
                         0x800'3f2b   0x34  Code  Gb  main.o [1]
char * std::addressof<char>(char &)
                         0x800'3a67    0x8  Code  Gb  main.o [1]
char std::_Maklocchr<char>(char, char *)
                         0x800'3ee9    0x4  Code  Gb  main.o [1]
const std::allocator<char>& && std::forward<const std::allocator<char>&>(std::remove_reference<const std::allocator<char>&>::type &)
                         0x800'3e59    0x2  Code  Gb  main.o [1]
exit                     0x800'4c05    0x4  Code  Gb  exit.o [2]
free                     0x800'3fb1    0x4  Code  Gb  heaptramp0.o [2]
garlands                0x2000'028c   0x24  Data  Gb  main.o [1]
init_mparams             0x800'01b3   0x2c  Code  Lc  dlmalloc.o [2]
init_top                 0x800'01df   0x34  Code  Lc  dlmalloc.o [2]
ldexp                    0x800'2991         Code  Gb  ldexp.o [4]
ldexpl                   0x800'2991         Code  Gb  ldexp.o [4]
main                     0x800'45ff   0x1a  Code  Gb  main.o [1]
memchr                   0x800'27ed         Code  Gb  memchr.o [5]
mparams                 0x2000'02b0   0x18  Data  Lc  dlmalloc.o [2]
next_abi_dtor_rec       0x2000'0348    0x4  Data  Lc  cppinit.o [2]
operator delete (void *)
                         0x800'3f21    0xa  Code  Gb  delop_0.o [3]
operator delete (void *, unsigned int)
                         0x800'44b5    0x4  Code  Gb  delop4_0.o [3]
operator delete[] (void *)
                         0x800'545d    0x4  Code  Gb  delaop_0.o [3]
operator new (unsigned int)
                         0x800'3fb5   0x24  Code  Gb  newop_0.o [3]
operator new (unsigned int, void *)
                         0x800'3fd9    0x4  Code  Gb  main.o [1]
putchar                  0x800'50c1   0x20  Code  Gb  putchar.o [2]
scalbln                  0x800'2991         Code  Gb  ldexp.o [4]
scalblnl                 0x800'2991         Code  Gb  ldexp.o [4]
scalbn                   0x800'2991         Code  Gb  ldexp.o [4]
scalbnl                  0x800'2991         Code  Gb  ldexp.o [4]
scale                    0x800'261b   0x46  Code  Lc  xprintffull_nomb.o [2]
sec_hand                0x2000'0354    0x4  Data  Lc  xfail_s.o [2]
segment_holding          0x800'0199   0x1a  Code  Lc  dlmalloc.o [2]
sprintf                  0x800'4f3d   0x40  Code  Gb  sprintf.o [2]
std::_Compressed_pair<std::_Wrap_alloc<std::allocator<char>>, std::_String_val<std::_Simple_types<char>>, (bool)1>::_Compressed_pair<const std::allocator<char>&, >(std::_One_then_variadic_args_t, const std::allocator<char>& &&,  &&...)
                         0x800'3d35   0x1c  Code  Gb  main.o [1]
std::_Compressed_pair<std::_Wrap_alloc<std::allocator<char>>, std::_String_val<std::_Simple_types<char>>, (bool)1>::_Get_first()
                         0x800'3d51    0x2  Code  Gb  main.o [1]
std::_Compressed_pair<std::_Wrap_alloc<std::allocator<char>>, std::_String_val<std::_Simple_types<char>>, (bool)1>::_Get_first() const
                         0x800'3eed    0x2  Code  Gb  main.o [1]
std::_Compressed_pair<std::_Wrap_alloc<std::allocator<char>>, std::_String_val<std::_Simple_types<char>>, (bool)1>::_Get_second()
                         0x800'3d69    0x2  Code  Gb  main.o [1]
std::_Compressed_pair<std::_Wrap_alloc<std::allocator<char>>, std::_String_val<std::_Simple_types<char>>, (bool)1>::_Get_second() const
                         0x800'3d95    0x2  Code  Gb  main.o [1]
std::_Fpz               0x2000'0330   0x10  Data  Gb  ios.o [3]
std::_NomemoryNothrow()
                         0x800'3fdd    0x4  Code  Gb  nomemory.o [3]
std::_String_alloc<std::_String_base_types<char, std::allocator<char>>>::_Bx()
                         0x800'3a4f    0x8  Code  Gb  main.o [1]
std::_String_alloc<std::_String_base_types<char, std::allocator<char>>>::_Get_data()
                         0x800'3a89    0x8  Code  Gb  main.o [1]
std::_String_alloc<std::_String_base_types<char, std::allocator<char>>>::_Get_data() const
                         0x800'3b4d    0x8  Code  Gb  main.o [1]
std::_String_alloc<std::_String_base_types<char, std::allocator<char>>>::_Getal()
                         0x800'3a57    0x8  Code  Gb  main.o [1]
std::_String_alloc<std::_String_base_types<char, std::allocator<char>>>::_Getal() const
                         0x800'3d97    0x8  Code  Gb  main.o [1]
std::_String_alloc<std::_String_base_types<char, std::allocator<char>>>::_Myptr()
                         0x800'38c5    0xc  Code  Gb  main.o [1]
std::_String_alloc<std::_String_base_types<char, std::allocator<char>>>::_Myptr() const
                         0x800'38f3    0xc  Code  Gb  main.o [1]
std::_String_alloc<std::_String_base_types<char, std::allocator<char>>>::_Myres()
                         0x800'3a45    0xa  Code  Gb  main.o [1]
std::_String_alloc<std::_String_base_types<char, std::allocator<char>>>::_Mysize()
                         0x800'38ff    0xa  Code  Gb  main.o [1]
std::_String_alloc<std::_String_base_types<char, std::allocator<char>>>::_Mysize() const
                         0x800'39e7    0xa  Code  Gb  main.o [1]
std::_String_alloc<std::_String_base_types<char, std::allocator<char>>>::_String_alloc(const std::allocator<char>&)
                         0x800'3a2d   0x18  Code  Gb  main.o [1]
std::_String_alloc<std::_String_base_types<char, std::allocator<char>>>::_String_alloc(const std::allocator<char>&) [subobject]
                         0x800'3809    0x8  Code  Gb  main.o [1]
std::_String_val<std::_Simple_types<char>>::_Myptr()
                         0x800'3a91   0x12  Code  Gb  main.o [1]
std::_String_val<std::_Simple_types<char>>::_Myptr() const
                         0x800'3b55   0x12  Code  Gb  main.o [1]
std::_String_val<std::_Simple_types<char>>::_String_val()
                         0x800'3e63    0xa  Code  Gb  main.o [1]
std::_Wrap_alloc<std::allocator<char>>::_Wrap_alloc(const std::allocator<char>&)
                         0x800'3f1f    0x2  Code  Gb  main.o [1]
std::_Wrap_alloc<std::allocator<char>>::_Wrap_alloc(const std::allocator<char>&) [subobject]
                         0x800'3e5b    0x8  Code  Gb  main.o [1]
std::_Wrap_alloc<std::allocator<char>>::allocate(unsigned int)
                         0x800'3da7    0x8  Code  Gb  main.o [1]
std::_Wrap_alloc<std::allocator<char>>::deallocate(char *, unsigned int)
                         0x800'3a81    0x8  Code  Gb  main.o [1]
std::_Wrap_alloc<std::allocator<char>>::max_size(std::_Nil) const
                         0x800'3d9f    0x8  Code  Gb  main.o [1]
std::_Wrap_facet<std::ctype<char>>::_Wrap_facet()
                         0x800'37f1   0x18  Code  Gb  main.o [1]
std::_Wrap_facet<std::num_put<char, std::ostreambuf_iterator<char, std::char_traits<char>>>>::_Wrap_facet()
                         0x800'4a35   0x18  Code  Gb  main.o [1]
std::_Wrap_facet<std::numpunct<char>>::_Wrap_facet()
                         0x800'38d1   0x18  Code  Gb  main.o [1]
std::_Wrap_facet<std::numpunct<char>>::~_Wrap_facet()
                         0x800'5521    0xe  Code  Gb  main.o [1]
std::__iar_New_hand     0x2000'0350    0x4  Data  Gb  new.o [3]
std::__iar_cout_guard::~__iar_cout_guard()
                         0x800'548d   0x14  Code  Gb  iostream_cout.o [3]
std::__nobasic_filebuf<char, std::char_traits<char>>::__nobasic_filebuf()
                         0x800'4ca9   0x5c  Code  Gb  iostream_cout.o [3]
std::__nobasic_filebuf<char, std::char_traits<char>>::overflow(int)
                         0x800'5089   0x38  Code  Gb  iostream_cout.o [3]
std::allocator<char>::allocate(unsigned int)
                         0x800'3ef7    0xe  Code  Gb  main.o [1]
std::allocator<char>::deallocate(char *, unsigned int)
                         0x800'3d5d    0xc  Code  Gb  main.o [1]
std::allocator<char>::max_size() const
                         0x800'3f79    0x6  Code  Gb  main.o [1]
std::allocator_traits<std::allocator<char>>::max_size(const std::allocator<char>&)
                         0x800'3eef    0x8  Code  Gb  main.o [1]
std::array<Led, (unsigned int)4>::operator [](unsigned int)
                         0x800'53d9    0x6  Code  Gb  startupF411RE.o [1]
std::char_traits<char>::assign(char &, char const &)
                         0x800'3ccd    0x6  Code  Gb  main.o [1]
std::char_traits<char>::assign(char *, unsigned int, char)
                         0x800'3cd3   0x10  Code  Gb  main.o [1]
std::char_traits<char>::copy(char *, char const *, unsigned int)
                         0x800'3a6f   0x12  Code  Gb  main.o [1]
std::char_traits<char>::eq_int_type(int const &, int const &)
                         0x800'3d15   0x12  Code  Gb  main.o [1]
std::char_traits<char>::length(char const *)
                         0x800'4193   0x12  Code  Gb  main.o [1]
std::char_traits<char>::move(char *, char const *, unsigned int)
                         0x800'3983   0x12  Code  Gb  main.o [1]
std::char_traits<char>::to_int_type(char const &)
                         0x800'3e55    0x4  Code  Gb  main.o [1]
std::cout               0x2000'01e8   0x2c  Data  Gb  iostream_cout.o [3]
std::ctype<char> const & std::use_facet<std::ctype<char>>()
                         0x800'361d   0x20  Code  Gb  main.o [1]
std::ctype<char> const & std::use_facet<std::ctype<char>>()::_MyFacet
                        0x2000'0344    0x4  Data  Gb  startupF411RE.o [1]
std::ctype<char>::ctype()
                         0x800'3d29    0xc  Code  Gb  main.o [1]
std::ctype<char>::ctype() [subobject]
                         0x800'3a23    0x8  Code  Gb  main.o [1]
std::ctype<char>::widen(char const *, char const *, char *) const
                         0x800'3673   0x12  Code  Gb  main.o [1]
std::ctype<char>::widen(char) const
                         0x800'5295    0x6  Code  Gb  main.o [1]
std::ios::clear(std::_Iosb<int>::_Iostate, bool)
                         0x800'42e5   0x18  Code  Gb  main.o [1]
std::ios::fill() const   0x800'4223    0x6  Code  Gb  main.o [1]
std::ios::rdbuf() const
                         0x800'4229    0x4  Code  Gb  main.o [1]
std::ios::setstate(std::_Iosb<int>::_Iostate, bool)
                         0x800'4237   0x28  Code  Gb  main.o [1]
std::ios::tie() const    0x800'4289    0x4  Code  Gb  main.o [1]
std::ios::widen(char) const
                         0x800'5283   0x12  Code  Gb  main.o [1]
std::ios_base::_Addstd(std::ios_base*)
                         0x800'43b9   0x36  Code  Gb  ios.o [3]
std::ios_base::_Callfns(std::ios_base::event)
                         0x800'439d   0x1c  Code  Gb  ios.o [3]
std::ios_base::_Init()   0x800'43fd   0x1c  Code  Gb  ios.o [3]
std::ios_base::_Tidy()   0x800'4419   0x38  Code  Gb  ios.o [3]
std::ios_base::clear(std::_Iosb<int>::_Iostate, bool)
                         0x800'4359   0x20  Code  Gb  ios.o [3]
std::ios_base::flags() const
                         0x800'3613    0x4  Code  Gb  main.o [1]
std::ios_base::good() const
                         0x800'4275   0x14  Code  Gb  main.o [1]
std::ios_base::rdstate() const
                         0x800'42e1    0x4  Code  Gb  main.o [1]
std::ios_base::width() const
                         0x800'3775    0x4  Code  Gb  main.o [1]
std::ios_base::width(int)
                         0x800'37d5    0x8  Code  Gb  main.o [1]
std::ios_base::~ios_base()
                         0x800'4379   0x24  Code  Gb  ios.o [3]
std::ios_base::~ios_base() [subobject]
                         0x800'434d    0x2  Code  Gb  ios.o [3]
std::num_put<char, std::ostreambuf_iterator<char, std::char_traits<char>>> const & std::use_facet<std::num_put<char, std::ostreambuf_iterator<char, std::char_traits<char>>>>()
                         0x800'4959   0x20  Code  Gb  main.o [1]
std::num_put<char, std::ostreambuf_iterator<char, std::char_traits<char>>> const & std::use_facet<std::num_put<char, std::ostreambuf_iterator<char, std::char_traits<char>>>>()::_MyFacet
                        0x2000'032c    0x4  Data  Gb  main.o [1]
std::num_put<char, std::ostreambuf_iterator<char, std::char_traits<char>>>::_Ifmt(char *, char const *, std::_Iosb<int>::_Fmtflags) const
                         0x800'4a61   0xa0  Code  Gb  main.o [1]
std::num_put<char, std::ostreambuf_iterator<char, std::char_traits<char>>>::_Iput(std::ostreambuf_iterator<char, std::char_traits<char>>, std::ios_base &, char, char *, unsigned int) const
                         0x800'33df  0x234  Code  Gb  main.o [1]
std::num_put<char, std::ostreambuf_iterator<char, std::char_traits<char>>>::_Put(std::ostreambuf_iterator<char, std::char_traits<char>>, char const *, unsigned int) const
                         0x800'37a7   0x2e  Code  Gb  main.o [1]
std::num_put<char, std::ostreambuf_iterator<char, std::char_traits<char>>>::_Rep(std::ostreambuf_iterator<char, std::char_traits<char>>, char, unsigned int) const
                         0x800'3779   0x2e  Code  Gb  main.o [1]
std::num_put<char, std::ostreambuf_iterator<char, std::char_traits<char>>>::do_put(std::ostreambuf_iterator<char, std::char_traits<char>>, std::ios_base &, char, unsigned long) const
                         0x800'4ee5   0x58  Code  Gb  main.o [1]
std::num_put<char, std::ostreambuf_iterator<char, std::char_traits<char>>>::do_put(std::ostreambuf_iterator<char, std::char_traits<char>>, std::ios_base &, char, unsigned long) const::string
                         0x800'55c4    0x4  Data  Gb  main.o [1]
std::num_put<char, std::ostreambuf_iterator<char, std::char_traits<char>>>::num_put()
                         0x800'4a55    0xc  Code  Gb  main.o [1]
std::num_put<char, std::ostreambuf_iterator<char, std::char_traits<char>>>::num_put() [subobject]
                         0x800'4a4d    0x8  Code  Gb  main.o [1]
std::num_put<char, std::ostreambuf_iterator<char, std::char_traits<char>>>::put(std::ostreambuf_iterator<char, std::char_traits<char>>, std::ios_base &, char, unsigned long) const
                         0x800'4981   0x18  Code  Gb  main.o [1]
std::numpunct<char> const & std::use_facet<std::numpunct<char>>()
                         0x800'3685   0x30  Code  Gb  main.o [1]
std::numpunct<char> const & std::use_facet<std::numpunct<char>>()::_MyFacet
                        0x2000'02c8   0x14  Data  Gb  main.o [1]
std::numpunct<char>::_Init(bool)
                         0x800'3e79   0x70  Code  Gb  main.o [1]
std::numpunct<char>::_Init(bool)::string
                         0x800'2aca    0x1  Data  Gb  main.o [1]
std::numpunct<char>::_Init(bool)::string (instance 2)
                         0x800'5594    0x8  Data  Gb  main.o [1]
std::numpunct<char>::_Init(bool)::string (instance 3)
                         0x800'559c    0x8  Data  Gb  main.o [1]
std::numpunct<char>::_Tidy()
                         0x800'5445   0x18  Code  Gb  main.o [1]
std::numpunct<char>::do_grouping() const
                         0x800'5581    0xa  Code  Gb  main.o [1]
std::numpunct<char>::do_thousands_sep() const
                         0x800'55c9    0x4  Code  Gb  main.o [1]
std::numpunct<char>::grouping() const
                         0x800'36b5    0xa  Code  Gb  main.o [1]
std::numpunct<char>::numpunct()
                         0x800'3d6d   0x28  Code  Gb  main.o [1]
std::numpunct<char>::numpunct() [subobject]
                         0x800'3aa3    0x8  Code  Gb  main.o [1]
std::numpunct<char>::thousands_sep() const
                         0x800'36cb    0xa  Code  Gb  main.o [1]
std::numpunct<char>::~numpunct()
                         0x800'542d   0x18  Code  Gb  main.o [1]
std::numpunct<char>::~numpunct() [subobject]
                         0x800'552f    0x8  Code  Gb  main.o [1]
std::operator &(std::_Iosb<int>::_Fmtflags, std::_Iosb<int>::_Fmtflags)
                         0x800'3617    0x6  Code  Gb  main.o [1]
std::operator |=(std::_Iosb<int>::_Iostate &, std::_Iosb<int>::_Iostate)
                         0x800'421b    0x8  Code  Gb  main.o [1]
std::ostream & std::endl<char, std::char_traits<char>>(std::ostream &)
                         0x800'5255   0x2e  Code  Gb  main.o [1]
std::ostream & std::operator <<<std::char_traits<char>>(std::ostream &, char const *)
                         0x800'3fe1  0x1b2  Code  Gb  main.o [1]
std::ostream::_Flush_sentry::_Flush_sentry(std::ostream&)
                         0x800'4305   0x28  Code  Gb  main.o [1]
std::ostream::_Flush_sentry::_Flush_sentry(std::ostream&) [subobject]
                         0x800'426d    0x8  Code  Gb  main.o [1]
std::ostream::_Flush_sentry::operator bool() const
                         0x800'4217    0x4  Code  Gb  main.o [1]
std::ostream::_Flush_sentry::~_Flush_sentry()
                         0x800'4337   0x14  Code  Gb  main.o [1]
std::ostream::_Flush_sentry::~_Flush_sentry() [subobject]
                         0x800'42fd    0x8  Code  Gb  main.o [1]
std::ostream::_Osfx()    0x800'4459   0x54  Code  Gb  main.o [1]
std::ostream::_Sentry_base::_Sentry_base(std::ostream&)
                         0x800'44b9   0x48  Code  Gb  main.o [1]
std::ostream::_Sentry_base::_Sentry_base(std::ostream&) [subobject]
                         0x800'4451    0x8  Code  Gb  main.o [1]
std::ostream::_Sentry_base::~_Sentry_base()
                         0x800'4501   0x46  Code  Gb  main.o [1]
std::ostream::_Sentry_base::~_Sentry_base() [subobject]
                         0x800'44ad    0x8  Code  Gb  main.o [1]
std::ostream::flush()    0x800'428d   0x54  Code  Gb  main.o [1]
std::ostream::operator <<(std::ostream&(*)(std::ostream&))
                         0x800'4907    0x6  Code  Gb  main.o [1]
std::ostream::operator <<(unsigned int)
                         0x800'486d   0x9a  Code  Gb  main.o [1]
std::ostream::put(char)
                         0x800'4e0f   0x76  Code  Gb  main.o [1]
std::ostream::sentry::sentry(std::ostream&)
                         0x800'41a5   0x72  Code  Gb  main.o [1]
std::ostream::sentry::~sentry()
                         0x800'425f    0xe  Code  Gb  main.o [1]
std::ostream::~basic_ostream()
                         0x800'5537    0xe  Code  Gb  iostream_cout.o [3]
std::ostreambuf_iterator<char, std::char_traits<char>>::failed() const
                         0x800'4999    0x4  Code  Gb  main.o [1]
std::ostreambuf_iterator<char, std::char_traits<char>>::operator *()
                         0x800'39f1    0x2  Code  Gb  main.o [1]
std::ostreambuf_iterator<char, std::char_traits<char>>::operator ++()
                         0x800'3a21    0x2  Code  Gb  main.o [1]
std::ostreambuf_iterator<char, std::char_traits<char>>::operator =(char)
                         0x800'39f3   0x2e  Code  Gb  main.o [1]
std::ostreambuf_iterator<char, std::char_traits<char>>::ostreambuf_iterator(std::streambuf *)
                         0x800'4979    0x8  Code  Gb  main.o [1]
std::remove_reference<char *&>::type && std::move<char *&>(char *& &&)
                         0x800'3daf    0x2  Code  Gb  main.o [1]
std::streambuf::_Lock()
                         0x800'295f    0x2  Code  Gb  iostream_cout.o [3]
std::streambuf::_Pnavail() const
                         0x800'3e2f   0x18  Code  Gb  main.o [1]
std::streambuf::_Pninc()
                         0x800'3e47    0xe  Code  Gb  main.o [1]
std::streambuf::_Unlock()
                         0x800'298f    0x2  Code  Gb  iostream_cout.o [3]
std::streambuf::overflow(int)
                         0x800'28bb    0x6  Code  Gb  iostream_cout.o [3]
std::streambuf::pubsync()
                         0x800'432d    0xa  Code  Gb  main.o [1]
std::streambuf::sputc(char)
                         0x800'3ce3   0x32  Code  Gb  main.o [1]
std::streambuf::sputn(char const *, int)
                         0x800'422d    0xa  Code  Gb  main.o [1]
std::streambuf::sync()   0x800'55cd    0x4  Code  Gb  iostream_cout.o [3]
std::streambuf::xsputn(char const *, int)
                         0x800'4e85   0x60  Code  Gb  iostream_cout.o [3]
std::string::_Chassign(unsigned int, unsigned int, char)
                         0x800'3995   0x2a  Code  Gb  main.o [1]
std::string::_Copy(unsigned int, unsigned int)
                         0x800'3b7f   0xd6  Code  Gb  main.o [1]
std::string::_Eos(unsigned int)
                         0x800'39bf   0x28  Code  Gb  main.o [1]
std::string::_Grow(unsigned int, bool)
                         0x800'3909   0x7a  Code  Gb  main.o [1]
std::string::_Inside(char const *)
                         0x800'4fcf   0x32  Code  Gb  main.o [1]
std::string::_Tidy(bool, unsigned int)
                         0x800'3811   0x7a  Code  Gb  main.o [1]
std::string::assign(char const *)
                         0x800'5379   0x18  Code  Gb  main.o [1]
std::string::assign(char const *, unsigned int)
                         0x800'4f7d   0x52  Code  Gb  main.o [1]
std::string::assign(const std::string&, unsigned int, unsigned int)
                         0x800'4d05   0x7c  Code  Gb  main.o [1]
std::string::assign(unsigned int, char)
                         0x800'388b   0x3a  Code  Gb  main.o [1]
std::string::basic_string(char const *)
                         0x800'5355   0x24  Code  Gb  main.o [1]
std::string::basic_string(unsigned int, char)
                         0x800'363d   0x2a  Code  Gb  main.o [1]
std::string::erase(unsigned int)
                         0x800'4d81   0x22  Code  Gb  main.o [1]
std::string::erase(unsigned int, unsigned int)
                         0x800'4da3   0x6c  Code  Gb  main.o [1]
std::string::insert(unsigned int, unsigned int, char)
                         0x800'36d5   0x96  Code  Gb  main.o [1]
std::string::max_size() const
                         0x800'3b67   0x18  Code  Gb  main.o [1]
std::string::operator [](unsigned int)
                         0x800'3667    0xc  Code  Gb  main.o [1]
std::string::operator [](unsigned int) const
                         0x800'36bf    0xc  Code  Gb  main.o [1]
std::string::size() const
                         0x800'376b    0xa  Code  Gb  main.o [1]
std::string::~basic_string()
                         0x800'37dd   0x12  Code  Gb  main.o [1]
strchr                   0x800'2745         Code  Gb  strchr.o [5]
strlen                   0x800'27ad         Code  Gb  strlen.o [5]
timer                   0x2000'035e    0x1  Data  Gb  main.o [1]
tree                    0x2000'035f    0x1  Data  Gb  main.o [1]
ttio_guard              0x2000'0365    0x1  Data  Lc  XShttio.o [2]
unsigned int RegisterBase<(unsigned int)1073872912, (unsigned int)32, ReadMode>::Get<ReadMode, void>()
                         0x800'5575    0xc  Code  Gb  startupF411RE.o [1]
unsigned int RegisterBase<(unsigned int)1073874960, (unsigned int)32, ReadMode>::Get<ReadMode, void>()
                         0x800'5569    0xc  Code  Gb  startupF411RE.o [1]
void FieldValueBase<GPIOA_MODER_MODER15_Values<GPIOA::MODER, (unsigned int)10, (unsigned int)2, ReadWriteMode, GPIOA::GPIOAMODERBase>, GPIOA::GPIOAMODERBase, (unsigned int)1>::Set<ReadWriteMode, void>()
                         0x800'4771   0x14  Code  Gb  main.o [1]
void FieldValueBase<GPIOC_MODER_MODER15_Values<GPIOC::MODER, (unsigned int)10, (unsigned int)2, ReadWriteMode, GPIOC::GPIOCMODERBase>, GPIOC::GPIOCMODERBase, (unsigned int)1>::Set<ReadWriteMode, void>()
                         0x800'474d   0x14  Code  Gb  main.o [1]
void FieldValueBase<GPIOC_MODER_MODER15_Values<GPIOC::MODER, (unsigned int)16, (unsigned int)2, ReadWriteMode, GPIOC::GPIOCMODERBase>, GPIOC::GPIOCMODERBase, (unsigned int)1>::Set<ReadWriteMode, void>()
                         0x800'4799   0x14  Code  Gb  main.o [1]
void FieldValueBase<GPIOC_MODER_MODER15_Values<GPIOC::MODER, (unsigned int)18, (unsigned int)2, ReadWriteMode, GPIOC::GPIOCMODERBase>, GPIOC::GPIOCMODERBase, (unsigned int)1>::Set<ReadWriteMode, void>()
                         0x800'4785   0x14  Code  Gb  main.o [1]
void FieldValueBase<GPIOC_MODER_MODER15_Values<GPIOC::MODER, (unsigned int)26, (unsigned int)2, ReadWriteMode, GPIOC::GPIOCMODERBase>, GPIOC::GPIOCMODERBase, (unsigned int)0>::Set<ReadWriteMode, void>()
                         0x800'4761   0x10  Code  Gb  main.o [1]
void FieldValueBase<RCC_AHB1ENR_DMA2EN_Values<RCC::APB1ENR, (unsigned int)0, (unsigned int)1, ReadWriteMode, RCC::RCCAPB1ENRBase>, RCC::RCCAPB1ENRBase, (unsigned int)1>::Set<ReadWriteMode, void>()
                         0x800'49c5   0x10  Code  Gb  main.o [1]
void FieldValueBase<RCC_AHB1ENR_GPIOAEN_Values<RCC::AHB1ENR, (unsigned int)0, (unsigned int)1, ReadWriteMode, RCC::RCCAHB1ENRBase>, RCC::RCCAHB1ENRBase, (unsigned int)1>::Set<ReadWriteMode, void>()
                         0x800'473d   0x10  Code  Gb  main.o [1]
void FieldValueBase<RCC_AHB1ENR_GPIOCEN_Values<RCC::AHB1ENR, (unsigned int)2, (unsigned int)1, ReadWriteMode, RCC::RCCAHB1ENRBase>, RCC::RCCAHB1ENRBase, (unsigned int)1>::Set<ReadWriteMode, void>()
                         0x800'472d   0x10  Code  Gb  main.o [1]
void FieldValueBase<RCC_CFGR_SW_Values<RCC::CFGR, (unsigned int)0, (unsigned int)2, ReadWriteMode, RCC::RCCCFGRBase>, RCC::RCCCFGRBase, (unsigned int)1>::Set<ReadWriteMode, void>()
                         0x800'46ed   0x14  Code  Gb  main.o [1]
void FieldValueBase<RCC_CR_HSEON_Values<RCC::CR, (unsigned int)16, (unsigned int)1, ReadWriteMode, RCC::RCCCRBase>, RCC::RCCCRBase, (unsigned int)1>::Set<ReadWriteMode, void>()
                         0x800'46cd   0x10  Code  Gb  main.o [1]
void FieldValueBase<RCC_CR_HSION_Values<RCC::CR, (unsigned int)0, (unsigned int)1, ReadWriteMode, RCC::RCCCRBase>, RCC::RCCCRBase, (unsigned int)0>::Set<ReadWriteMode, void>()
                         0x800'471d   0x10  Code  Gb  main.o [1]
void FieldValueBase<TIM2_CR1_CEN_Values<TIM2::CR1, (unsigned int)0, (unsigned int)1, ReadWriteMode, TIM2::TIM2CR1Base>, TIM2::TIM2CR1Base, (unsigned int)1>::Set<ReadWriteMode, void>()
                         0x800'4a11    0xe  Code  Gb  main.o [1]
void FieldValueBase<TIM2_CR1_URS_Values<TIM2::CR1, (unsigned int)2, (unsigned int)1, ReadWriteMode, TIM2::TIM2CR1Base>, TIM2::TIM2CR1Base, (unsigned int)1>::Set<ReadWriteMode, void>()
                         0x800'49b5    0xe  Code  Gb  main.o [1]
void FieldValueBase<TIM2_DIER_UIE_Values<TIM2::DIER, (unsigned int)0, (unsigned int)1, ReadWriteMode, TIM2::TIM2DIERBase>, TIM2::TIM2DIERBase, (unsigned int)1>::Set<ReadWriteMode, void>()
                         0x800'4a01   0x10  Code  Gb  main.o [1]
void FieldValueBase<TIM2_SR_UIF_Values<TIM2::SR, (unsigned int)0, (unsigned int)1, ReadWriteMode, TIM2::TIM2SRBase>, TIM2::TIM2SRBase, (unsigned int)0>::Set<ReadWriteMode, void>()
                         0x800'49e5   0x10  Code  Gb  startupF411RE.o [1]
void RegisterBase<(unsigned int)1073741860, (unsigned int)32, ReadWriteMode>::Write<ReadWriteMode, void>(unsigned int)
                         0x800'49f5    0xc  Code  Gb  main.o [1]
void RegisterBase<(unsigned int)1073741864, (unsigned int)32, ReadWriteMode>::Set<ReadWriteMode, void>(unsigned int)
                         0x800'49d5   0x10  Code  Gb  main.o [1]
void RegisterBase<(unsigned int)1073741868, (unsigned int)32, ReadWriteMode>::Write<ReadWriteMode, void>(unsigned int)
                         0x800'499d    0xc  Code  Gb  main.o [1]
void RegisterBase<(unsigned int)1073872916, (unsigned int)32, ReadWriteMode>::Toggle<ReadWriteMode, void>(unsigned int)
                         0x800'5245   0x10  Code  Gb  startupF411RE.o [1]
void RegisterBase<(unsigned int)1073874964, (unsigned int)32, ReadWriteMode>::Toggle<ReadWriteMode, void>(unsigned int)
                         0x800'5205   0x10  Code  Gb  startupF411RE.o [1]
void RegisterBase<(unsigned int)3758153984, (unsigned int)32, ReadWriteMode>::Write<ReadWriteMode, void>(unsigned int)
                         0x800'49a9    0xc  Code  Gb  main.o [1]
void std::_Deallocate<char>(char *, unsigned int)
                         0x800'3e6f    0x8  Code  Gb  main.o [1]
void std::_Wrap_alloc<std::allocator<char>>::construct<char *, char *>(char * *, char * &&...)
                         0x800'3db1   0x18  Code  Gb  main.o [1]
void std::_Wrap_alloc<std::allocator<char>>::destroy<char *>(char * *)
                         0x800'3a5f    0x8  Code  Gb  main.o [1]
void std::allocator<char>::construct<char *, char *>(char * *, char * &&...)
                         0x800'3f91   0x20  Code  Gb  main.o [1]
void std::allocator<char>::destroy<char *>(char * *)
                         0x800'3e6d    0x2  Code  Gb  main.o [1]
void std::allocator_traits<std::allocator<char>>::construct<char *, char *>(std::allocator<char>&, char * *, char * &&...)
                         0x800'3f07   0x18  Code  Gb  main.o [1]
void std::allocator_traits<std::allocator<char>>::destroy<char *>(std::allocator<char>&, char * *)
                         0x800'3d53    0x8  Code  Gb  main.o [1]
void std::numpunct<char>::_Getvals<char>(char)
                         0x800'3f5f   0x1a  Code  Gb  main.o [1]


[1] = F:\New Year\Debug\Obj
[2] = dl7M_tln.a
[3] = dlpp7M_tl_nc.a
[4] = m7M_tls.a
[5] = rt7M_tl.a
[6] = shb_l.a

  20'867 bytes of readonly  code memory
   1'101 bytes of readonly  data memory
  17'674 bytes of readwrite data memory

Errors: none
Warnings: none
